***************************************************************************
*                          M-SPARC (Feb 20, 2020)                         *
*   Copyright (c) 2019 Material Physics & Mechanics Group, Georgia Tech   *
*           Distributed under GNU General Public License 3 (GPL)          *
*                Date: 21-Mar-2022  Start time: 08:57:13                  *
***************************************************************************
                           Input parameters                                
***************************************************************************
CELL: 20.000000 0.392699 4.000500 
TWIST_ANGLE: 0.049081 
FD_GRID: 67 16 15
FD_ORDER: 12
BC: D C H
KPOINT_GRID: 1 1 12
KPOINT_SHIFT: 0 0 5.000000e-01
ELEC_TEMP_TYPE: fermi-dirac
SMEARING: 0.001000000
CHEB_DEGREE: 80
NSTATES: 10
EXCHANGE_CORRELATION: LDA_PZ
CALC_STRESS: 0
CALC_PRES: 0
MAXIT_SCF: 100
TOL_SCF: 1.00E-05
TOL_POISSON: 1.00E-07
TOL_LANCZOS: 1.00E-02
TOL_PSEUDOCHARGE: 1.00E-07
MIXING_VARIABLE: potential
MIXING_PRECOND: none
MIXING_PARAMETER: 0.30
MIXING_HISTORY: 7
PULAY_FREQUENCY: 1
PULAY_RESTART_FREQ: 0
REFERENCE_CUTOFF: 0.50
RHO_TRIGGER: 4
FIX_RAND: 0
PRINT_FORCES: 1
PRINT_ATOMS: 1
PRINT_EIGEN: 0
PRINT_DENSITY: 0
OUTPUT_FILE: ../tests/phonon/Si_1/Si.out
***************************************************************************
                             Initialization                                
***************************************************************************
Mesh spacing in x-direction        :  0.298507 (Bohr)
Mesh spacing in y-direction        :  0.288711 (Bohr)
Mesh spacing in z direction        :  0.266700 (Bohr)
Number of symmetry adapted k-points:  6
Output printed to                  :  ../tests/phonon/Si_1/Si.out
Total number of atom types         :  1
Total number of atoms              :  2
Total number of electrons          :  8
Atom type 1  (valence electrons)   :  Si 4
Pseudopotential                    :  Si.psp8
lloc                               :  4
Pseudocharge radii of atom type 1  :  6.52 0.74 6.67
Number of atoms of type 1          :  2
Estimated total memory usage       :  105.34 MB
=====================================================================
                    Self Consistent Field (SCF#1)                     
=====================================================================
Iteration     Free Energy (Ha/atom)   SCF Error        Timing (sec)
1            -2.9964818781E+00        4.271E-01        19.958
2            -3.0551745029E+00        1.411E-01        6.198
3            -3.0703030545E+00        6.434E-02        5.783
4            -3.0719848522E+00        4.032E-02        5.887
5            -3.0715333846E+00        5.272E-02        5.619
6            -3.0662392793E+00        7.868E-02        5.728
7            -3.0722068896E+00        7.986E-03        5.930
8            -3.0721543390E+00        6.705E-03        5.647
9            -3.0720590818E+00        1.176E-02        5.439
10           -3.0722217955E+00        4.248E-03        5.991
11           -3.0722191536E+00        4.086E-03        5.174
12           -3.0722155069E+00        4.560E-03        4.630
13           -3.0722250598E+00        3.246E-03        5.227
14           -3.0722227595E+00        2.526E-03        5.143
15           -3.0722243621E+00        1.216E-03        5.169
16           -3.0722271008E+00        3.402E-04        5.035
17           -3.0722272384E+00        2.755E-04        4.822
18           -3.0722272299E+00        1.202E-05        4.752
19           -3.0722271339E+00        5.442E-06        4.288
Total number of SCF: 19    
====================================================================
                                Energy                              
====================================================================
Free energy per atom               : -3.0722271339E+00 (Ha/atom)
Total free energy                  : -6.1444542677E+00 (Ha)
Band structure energy              : -3.9615318482E+00 (Ha)
Exchange correlation energy        : -3.0410214347E+00 (Ha)
Self and correction energy         : -2.5541705880E+01 (Ha)
Entropy*kb*T                       : -2.0748061689E-04 (Ha)
Fermi level                        : -1.6956825907E-01 (Ha)
Average force                      :  1.8645994844E-01 (Ha/Bohr)
Maximum force                      :  1.8646435912E-01 (Ha/Bohr)
Time for force calculation         :  1.839 (sec)
***************************************************************************
                               Timing info                                 
***************************************************************************
Total walltime                     :  141.531 sec
___________________________________________________________________________

***************************************************************************
*             Material Physics & Mechanics Group, Georgia Tech            *
*                       PI: Phanish Suryanarayana                         *
*                Main Developers: Qimen Xu, Abhiraj Sharma                *
*     Acknowledgements: U.S. DOE (DE-SC0019410); NSF (1333500,1553212)    *
***************************************************************************
                                                                           
