***************************************************************************
*                          M-SPARC (Sep 14, 2019)                         *
*   Copyright (c) 2019 Material Physics & Mechanics Group, Georgia Tech   *
*           Distributed under GNU General Public License 3 (GPL)          *
*                Date: 28-Oct-2019  Start time: 17:23:19                  *
***************************************************************************
                           Input parameters                                
***************************************************************************
CELL: 20.000000 0.392699 7.980000 
FD_GRID: 100 25 40
FD_ORDER: 12
BOUNDARY_CONDITION: 3
KPOINT_GRID: 1 16 1
KPOINT_SHIFT: 0 0 0
ELEC_TEMP_TYPE: fermi-dirac
SMEARING: 0.001000000
CHEB_DEGREE: 100
NSTATES: 12
EXCHANGE_CORRELATION: LDA_PW
CALC_STRESS: 1
MAXIT_SCF: 100
TOL_SCF: 1.00E-06
TOL_POISSON: 1.00E-08
TOL_LANCZOS: 1.00E-02
TOL_PSEUDOCHARGE: 1.00E-08
MIXING_VARIABLE: potential
MIXING_PRECOND: none
MIXING_PARAMETER: 0.30
MIXING_HISTORY: 7
PULAY_FREQUENCY: 1
PULAY_RESTART_FREQ: 0
REFERENCE_CUTOFF: 0.50
RHO_TRIGGER: 4
FIX_RAND: 0
PRINT_FORCES: 1
PRINT_ATOMS: 1
PRINT_EIGEN: 0
PRINT_DENSITY: 0
OUTPUT_FILE: ../tests/Cychel/CNT_ABINITmatch/C.out
***************************************************************************
                             Initialization                                
***************************************************************************
Mesh spacing in x-direction        :  0.200000 (Bohr)
Mesh spacing in y-direction        :  0.015708 (Bohr)
Mesh spacing in z direction        :  0.199500 (Bohr)
Number of symmetry adapted k-points:  9
Output printed to                  :  ../tests/Cychel/CNT_ABINITmatch/C.out
Total number of atom types         :  1
Total number of atoms              :  4
Total number of electrons          :  16
Atom type 1  (valence electrons)   :  C 4
Pseudopotential                    :  C.psp8
lloc                               :  4
Pseudocharge radii of atom type 1  :  6.63 0.57 6.61
Number of atoms of type 1          :  4
=====================================================================
                    Self Consistent Field (SCF#1)                     
=====================================================================
Iteration     Free Energy (Ha/atom)   SCF Error        Timing (sec)
1            -5.5667020617E+00        1.590E-01        97.758
2            -5.6789508770E+00        2.318E-01        27.654
3            -5.6938109949E+00        1.126E-01        27.557
4            -5.6982580843E+00        4.510E-02        25.927
5            -5.6997929127E+00        3.721E-02        26.620
6            -5.7004376775E+00        1.838E-02        26.274
7            -5.7006223825E+00        8.384E-03        25.918
8            -5.7006259424E+00        2.902E-03        25.791
9            -5.7006255005E+00        1.090E-03        24.689
10           -5.7006234972E+00        3.500E-04        25.214
11           -5.7006225069E+00        2.964E-04        25.711
12           -5.7006222082E+00        1.348E-04        23.846
13           -5.7006221644E+00        7.402E-05        26.151
14           -5.7006223080E+00        3.945E-05        26.028
15           -5.7006223419E+00        2.964E-05        23.909
16           -5.7006224157E+00        1.726E-05        23.527
17           -5.7006223950E+00        2.130E-06        24.891
18           -5.7006223899E+00        9.383E-07        22.815
Total number of SCF: 18    
====================================================================
                                Energy                              
====================================================================
Free energy per atom               : -5.7006223899E+00 (Ha/atom)
Total free energy                  : -2.2802489560E+01 (Ha)
Band structure energy              : -7.9598177626E+00 (Ha)
Exchange correlation energy        : -6.9828057860E+00 (Ha)
Self and correction energy         : -6.6928312310E+01 (Ha)
Entropy*kb*T                       : -1.3822370944E-06 (Ha)
Fermi level                        : -1.6310473127E-01 (Ha)
Average force                      :  6.0654515868E-02 (Ha/Bohr)
Maximum force                      :  6.0655934820E-02 (Ha/Bohr)
Time for force calculation         :  9.303 (sec)
Stress (GPa):
   -496.6920019154 Pressure                           :  1.6556400064E+02 (GPa)
Maximum stress                     :  4.9669200192E+02 (GPa)
Time for stress calculation        :  9.274 (sec)
***************************************************************************
                               Timing info                                 
***************************************************************************
Total walltime                     :  598.556 sec
___________________________________________________________________________

***************************************************************************
*             Material Physics & Mechanics Group, Georgia Tech            *
*                       PI: Phanish Suryanarayana                         *
*                Main Developers: Qimen Xu, Abhiraj Sharma                *
*        Acknowledgements: U.S. DOE (DE-SC0019410); NSF (1333500,1553212)    *
***************************************************************************
                                                                           
