***************************************************************************
*                          M-SPARC (Feb 20, 2020)                         *
*   Copyright (c) 2019 Material Physics & Mechanics Group, Georgia Tech   *
*           Distributed under GNU General Public License 3 (GPL)          *
*                Date: 22-Jan-2022  Start time: 16:11:45                  *
***************************************************************************
                           Input parameters                                
***************************************************************************
CELL: 20.000000 0.785398 8.001000 
FD_GRID: 50 24 21
FD_ORDER: 12
BC: D C P
KPOINT_GRID: 1 1 1
KPOINT_SHIFT: 0 0 0
ELEC_TEMP_TYPE: fermi-dirac
SMEARING: 0.001000000
CHEB_DEGREE: 60
NSTATES: 10
EXCHANGE_CORRELATION: LDA_PZ
CALC_STRESS: 0
CALC_PRES: 0
MAXIT_SCF: 100
TOL_SCF: 1.00E-06
TOL_POISSON: 1.00E-08
TOL_LANCZOS: 1.00E-02
TOL_PSEUDOCHARGE: 1.00E-08
MIXING_VARIABLE: potential
MIXING_PRECOND: none
MIXING_PARAMETER: 0.30
MIXING_HISTORY: 7
PULAY_FREQUENCY: 1
PULAY_RESTART_FREQ: 0
REFERENCE_CUTOFF: 0.50
RHO_TRIGGER: 4
FIX_RAND: 0
PRINT_FORCES: 1
PRINT_ATOMS: 1
PRINT_EIGEN: 0
PRINT_DENSITY: 0
OUTPUT_FILE: ../tests/phonon/C_2/C.out
***************************************************************************
                             Initialization                                
***************************************************************************
Mesh spacing in x-direction        :  0.400000 (Bohr)
Mesh spacing in y-direction        :  0.384948 (Bohr)
Mesh spacing in z direction        :  0.381000 (Bohr)
Number of symmetry adapted k-points:  1
Output printed to                  :  ../tests/phonon/C_2/C.out
Total number of atom types         :  1
Total number of atoms              :  2
Total number of electrons          :  8
Atom type 1  (valence electrons)   :  C 4
Pseudopotential                    :  C.psp8
lloc                               :  4
Pseudocharge radii of atom type 1  :  7.32 0.63 7.24
Number of atoms of type 1          :  2
Estimated total memory usage       :  79.62 MB
=====================================================================
                    Self Consistent Field (SCF#1)                     
=====================================================================
Iteration     Free Energy (Ha/atom)   SCF Error        Timing (sec)
1            -5.3933184060E+00        2.368E-01        4.527
2            -5.3885159675E+00        1.905E-01        2.113
3            -5.4574304119E+00        8.851E-02        1.716
4            -5.4696383118E+00        4.920E-02        1.786
5            -5.4732260284E+00        2.484E-02        1.962
6            -5.4740513665E+00        1.129E-02        1.806
7            -5.4741061274E+00        8.513E-03        1.757
8            -5.4741016234E+00        3.032E-03        1.797
9            -5.4741157870E+00        3.449E-03        1.710
10           -5.4741249437E+00        7.139E-04        1.769
11           -5.4741255283E+00        4.371E-04        1.661
12           -5.4741256454E+00        2.094E-04        1.659
13           -5.4741252758E+00        5.307E-04        1.632
14           -5.4741256921E+00        6.486E-05        1.641
15           -5.4741256073E+00        1.008E-05        1.724
16           -5.4741256076E+00        6.039E-06        1.474
17           -5.4741256070E+00        1.638E-06        1.567
18           -5.4741256044E+00        6.534E-07        1.429
Total number of SCF: 18    
====================================================================
                                Energy                              
====================================================================
Free energy per atom               : -5.4741256044E+00 (Ha/atom)
Total free energy                  : -1.0948251209E+01 (Ha)
Band structure energy              : -3.2289462712E+00 (Ha)
Exchange correlation energy        : -2.7788771827E+00 (Ha)
Self and correction energy         : -2.1917339884E+01 (Ha)
Entropy*kb*T                       : -1.5260238305E-03 (Ha)
Fermi level                        : -2.5545245508E-01 (Ha)
Average force                      :  2.4300115324E-02 (Ha/Bohr)
Maximum force                      :  2.4300411246E-02 (Ha/Bohr)
Time for force calculation         :  0.777 (sec)
***************************************************************************
                               Timing info                                 
***************************************************************************
Total walltime                     :  37.535 sec
___________________________________________________________________________

***************************************************************************
*             Material Physics & Mechanics Group, Georgia Tech            *
*                       PI: Phanish Suryanarayana                         *
*                Main Developers: Qimen Xu, Abhiraj Sharma                *
*     Acknowledgements: U.S. DOE (DE-SC0019410); NSF (1333500,1553212)    *
***************************************************************************
                                                                           
