***************************************************************************
*                           SPARC (Feb 24, 2019)                          *
*   Copyright (c) 2019 Material Physics & Mechanics Group, Georgia Tech   *
*           Distributed under GNU General Public License 3 (GPL)          *
*                 Start time: Wed May  6 18:48:10 2020                    *
***************************************************************************
                           Input parameters                                
***************************************************************************
CELL: 29.9138161344 0.369599135716446 6.0212984335 
TWIST_ANGLE: 0.000000 
LATVEC:
1 0 0 
0 1 0 
0 0 1 
FD_GRID: 186 65 38
FD_ORDER: 12
BC: D C P 
KPOINT_GRID: 1 1 10
KPOINT_SHIFT: 0 0 0
SPIN_TYP: 1
ELEC_TEMP_TYPE: Fermi-Dirac
SMEARING: 0.001
CHEB_DEGREE: 80
NSTATES: 36
EXCHANGE_CORRELATION: GGA_PBE
CALC_STRESS: 1
CHEFSI_BOUND_FLAG: 0
MAXIT_SCF: 100
MINIT_SCF: 3
MAXIT_POISSON: 3000
TOL_SCF: 1.00E-06
POISSON_SOLVER: AAR
TOL_POISSON: 1.00E-08
TOL_LANCZOS: 1.00E-02
TOL_PSEUDOCHARGE: 1.00E-08
MIXING_VARIABLE: potential
MIXING_PRECOND: none
MIXING_PARAMETER: 0.3
MIXING_HISTORY: 7
PULAY_FREQUENCY: 1
PULAY_RESTART: 0
REFERENCE_CUTOFF: 0.5
RHO_TRIGGER: 4
FIX_RAND: 0
VERBOSITY: 1
PRINT_FORCES: 1
PRINT_ATOMS: 1
PRINT_EIGEN: 0
PRINT_DENSITY: 0
OUTPUT_FILE: MoS2
***************************************************************************
                           Parallelization                                 
***************************************************************************
NP_SPIN_PARAL: 1
NP_KPOINT_PARAL: 6
NP_BAND_PARAL: 12
NP_DOMAIN_PARAL: 1 1 1
NP_DOMAIN_PHI_PARAL: 9 4 2
***************************************************************************
                             Initialization                                
***************************************************************************
Number of processors               :  72
Mesh spacing in x-direction        :  0.160827 (Bohr)
Mesh spacing in y-direction        :  0.160449 (Bohr)
Mesh spacing in z direction        :  0.158455 (Bohr)
Number of symmetry adapted k-points:  6
Output printed to                  :  MoS2.out
Total number of atom types         :  2
Total number of atoms              :  6
Total number of electrons          :  52
Atom type 1  (valence electrons)   :  Mo 14
Pseudopotential                    :  ././Mo_GGA.psp8
Pseudocharge radii of atom type 1  :  6.59 0.22 6.66 (x, y, z dir)
Number of atoms of type 1          :  2
Fractional coordinates of atoms of type 1     :
      0.9432960441       0.0000000000       0.0000000000
      0.9432960441       0.5000000000       0.5000000000
Atom type 2  (valence electrons)   :  S 6
Pseudopotential                    :  ././S_GGA.psp8
Pseudocharge radii of atom type 2  :  6.75 0.22 6.66 (x, y, z dir)
Number of atoms of type 2          :  4
Fractional coordinates of atoms of type 2     :
      0.8444484730       0.3333333333       0.0000000000
      0.8444484730       0.8333333333       0.5000000000
      1.0421436152       0.3333333333       0.0000000000
      1.0421436152       0.8333333333       0.5000000000
Estimated total memory usage       :  9.02 GB
Estimated memory per processor     :  128.23 MB
===================================================================
                    Self Consistent Field (SCF#1)                     
===================================================================
Iteration     Free Energy (Ha/atom)   SCF Error        Timing (sec)
1            -2.9696942307E+01        5.291E-02        57.463
2            -2.9705104880E+01        2.496E-02        11.018
3            -2.9703602912E+01        3.486E-02        10.820
4            -2.9706767838E+01        7.196E-03        11.223
5            -2.9706824702E+01        4.547E-03        10.704
6            -2.9706782537E+01        3.983E-03        10.616
7            -2.9706835084E+01        2.795E-03        10.844
8            -2.9706840135E+01        4.653E-04        10.622
9            -2.9706840007E+01        2.023E-04        10.604
10           -2.9706840167E+01        7.764E-05        10.598
11           -2.9706840021E+01        2.489E-05        10.510
12           -2.9706840133E+01        7.854E-06        10.486
13           -2.9706840098E+01        4.133E-06        10.526
14           -2.9706840207E+01        2.285E-06        10.415
15           -2.9706840066E+01        8.674E-07        10.397
Total number of SCF: 15    
====================================================================
                    Energy and force calculation                    
====================================================================
Free energy per atom               : -2.9706840066E+01 (Ha/atom)
Total free energy                  : -1.7824104040E+02 (Ha)
Band structure energy              : -4.2583728737E+01 (Ha)
Exchange correlation energy        : -2.4707950081E+01 (Ha)
Self and correction energy         : -4.2392018443E+02 (Ha)
Entropy*kb*T                       : -1.2960591679E-07 (Ha)
Fermi level                        : -1.7122338394E-01 (Ha)
Atomic forces (Ha/Bohr):
  8.5848158106E-03  -3.0009082627E-03  -3.1396831240E-07
  2.1542853230E-02   7.4552757362E-04   3.8451546436E-08
 -1.9149763340E-02   2.4198371680E-03   1.1983751596E-07
 -2.0750059519E-02  -1.7044485656E-04   1.4203057749E-08
 -1.9920324188E-03  -1.3190128514E-03  -5.5910296645E-08
 -1.9070861292E-03  -3.1815384422E-03   1.9738648890E-07
RMS force                          :  1.2800205558E-02 (Ha/Bohr)
Maximum force                      :  2.1555749504E-02 (Ha/Bohr)
Time for force calculation         :  0.433 (sec)
Stress (Ha/Bohr): 
  1.7393311803E-01 
Stress equiv. to all periodic (GPa): 
  9.6486915446E-01 
Maximum stress                     :  1.7393311803E-01 (a.u.)
Time for stress calculation        :  0.290 (sec)
***************************************************************************
                               Timing info                                 
***************************************************************************
Total walltime                     :  208.888 sec
___________________________________________________________________________

***************************************************************************
*             Material Physics & Mechanics Group, Georgia Tech            *
*                       PI: Phanish Suryanarayana                         *
*                Main Developers: Qimen Xu, Abhiraj Sharma                *
*     Collaborators: J.E. Pask (LLNL), A.J. Medford (GT), E. Chow (GT)    *
*  Acknowledgements: U.S. DOE (DE-SC0019410); U.S. NSF (1333500,1553212)  *
***************************************************************************
                                                                           
