***************************************************************************
*                          M-SPARC (Feb 20, 2020)                         *
*   Copyright (c) 2019 Material Physics & Mechanics Group, Georgia Tech   *
*           Distributed under GNU General Public License 3 (GPL)          *
*                Date: 22-Jan-2022  Start time: 16:08:10                  *
***************************************************************************
                           Input parameters                                
***************************************************************************
CELL: 20.000000 0.392699 8.001000 
FD_GRID: 50 12 21
FD_ORDER: 12
BC: D C P
KPOINT_GRID: 1 16 1
KPOINT_SHIFT: 0 0 0
ELEC_TEMP_TYPE: fermi-dirac
SMEARING: 0.001000000
CHEB_DEGREE: 60
NSTATES: 15
EXCHANGE_CORRELATION: LDA_PZ
CALC_STRESS: 0
CALC_PRES: 0
MAXIT_SCF: 100
TOL_SCF: 1.00E-06
TOL_POISSON: 1.00E-08
TOL_LANCZOS: 1.00E-02
TOL_PSEUDOCHARGE: 1.00E-08
MIXING_VARIABLE: potential
MIXING_PRECOND: none
MIXING_PARAMETER: 0.30
MIXING_HISTORY: 7
PULAY_FREQUENCY: 1
PULAY_RESTART_FREQ: 0
REFERENCE_CUTOFF: 0.50
RHO_TRIGGER: 4
FIX_RAND: 0
PRINT_FORCES: 1
PRINT_ATOMS: 1
PRINT_EIGEN: 0
PRINT_DENSITY: 0
OUTPUT_FILE: ../tests/phonon/C_1/C.out
***************************************************************************
                             Initialization                                
***************************************************************************
Mesh spacing in x-direction        :  0.400000 (Bohr)
Mesh spacing in y-direction        :  0.384948 (Bohr)
Mesh spacing in z direction        :  0.381000 (Bohr)
Number of symmetry adapted k-points:  9
Output printed to                  :  ../tests/phonon/C_1/C.out
Total number of atom types         :  1
Total number of atoms              :  4
Total number of electrons          :  16
Atom type 1  (valence electrons)   :  C 4
Pseudopotential                    :  C.psp8
lloc                               :  4
Pseudocharge radii of atom type 1  :  7.32 0.63 7.24
Number of atoms of type 1          :  4
Estimated total memory usage       :  141.78 MB
=====================================================================
                    Self Consistent Field (SCF#1)                     
=====================================================================
Iteration     Free Energy (Ha/atom)   SCF Error        Timing (sec)
1            -5.6924391939E+00        2.056E-01        15.424
2            -5.7072073585E+00        1.117E-01        3.843
